../Core/Src/main.c:76:6:Ultrasonic_Trigger	32	static
../Core/Src/main.c:92:10:Ultrasonic_ReadEcho	48	static
../Core/Src/main.c:137:5:main	16	static
../Core/Src/main.c:191:6:SystemClock_Config	72	static
../Core/Src/main.c:228:13:MX_TIM2_Init	40	static
../Core/Src/main.c:273:13:MX_TIM15_Init	96	static
../Core/Src/main.c:339:13:MX_USART2_UART_Init	8	static
../Core/Src/main.c:374:13:MX_GPIO_Init	40	static
../Core/Src/main.c:416:6:ReiniciarSistema	80	static
../Core/Src/main.c:429:6:NotificarUrgencia	64	static
../Core/Src/main.c:442:6:NotificarNoUrgencia	64	static
../Core/Src/main.c:456:6:Error_Handler	4	static,ignoring_inline_asm
