../Core/Src/main.c:95:5:main	16	static
../Core/Src/main.c:159:6:SystemClock_Config	72	static
../Core/Src/main.c:196:13:MX_TIM2_Init	40	static
../Core/Src/main.c:241:13:MX_TIM15_Init	96	static
../Core/Src/main.c:307:13:MX_USART2_UART_Init	8	static
../Core/Src/main.c:342:13:MX_GPIO_Init	40	static
../Core/Src/main.c:389:6:Ultrasonic_Trigger	32	static
../Core/Src/main.c:405:10:Ultrasonic_ReadEcho	48	static
../Core/Src/main.c:459:13:ControlarVibrador	24	static
../Core/Src/main.c:514:13:ProcesarBoton	72	static
../Core/Src/main.c:563:6:ReiniciarSistema	80	static
../Core/Src/main.c:576:6:NotificarUrgencia	64	static
../Core/Src/main.c:589:6:NotificarNoUrgencia	64	static
../Core/Src/main.c:602:6:Error_Handler	4	static,ignoring_inline_asm
